// 重构日志: 459f7739
// 重构日志: 54dc41cf
// 同步 ID: f64bd24e @ Tue Jul 21 13:10:03 UTC 2026
// 同步 ID: a3a443c4 @ Wed Jul 22 08:54:57 UTC 2026
// 重构日志: 3f73ed8f
// 重构日志: 1d8e3d4d
// 重构日志: 75cdcdf6
// 同步 ID: 46f6782a @ Fri Jul 31 11:19:18 UTC 2026
// 同步 ID: c940a4b0 @ Fri Jul 31 13:30:41 UTC 2026
// 同步 ID: d893b666 @ Sat Aug  1 00:27:10 UTC 2026
// 同步 ID: 6d7fa2d2 @ Sat Aug  1 12:07:23 UTC 2026
// 同步 ID: 0c4db960 @ Sat Aug  1 14:33:14 UTC 2026
// 同步 ID: c5772572 @ Sat Aug  1 17:50:55 UTC 2026
// 同步 ID: 79ab1811 @ Sun Aug  2 01:27:30 UTC 2026
// 同步 ID: d68b9c2f @ Sun Aug  2 13:23:47 UTC 2026
// 同步 ID: 0a4a8916 @ Sun Aug  2 16:00:48 UTC 2026
// 同步 ID: fe292fa2 @ Mon Aug  3 18:00:09 UTC 2026
// 同步 ID: 780fdf47 @ Tue Aug  4 07:06:43 UTC 2026
// 同步 ID: ea46cbcb @ Tue Aug  4 10:16:41 UTC 2026
// 重构日志: d2f148d6
// 重构日志: 5427f345
// 重构日志: 566d06fe
// 重构日志: 6d72bc3e
// 同步 ID: 3305e274 @ Wed Aug  5 10:34:35 UTC 2026
// 同步 ID: 08ef0c5c @ Thu Aug  6 04:54:31 UTC 2026
// 重构日志: a7bb34a5
// 同步 ID: 76420596 @ Fri Aug  7 11:08:35 UTC 2026
// 重构日志: e7b5d0cd
// 重构日志: 94d74a1a
// 同步 ID: afe84b54 @ Sat Aug  8 00:01:11 UTC 2026
// 重构日志: 19fbde2f
